
Files:
  novus_startup.s:  CODE 0(b4) hex
  library_bases.s:  __MERGED 20(14) hex
  dos_init.s:  CODE b4(68), data 0(c) hex
  graphics_init.s:  CODE 11c(68), data c(14) hex
  novus_io.s:  symbols only
  /var/folders/52/5656d2050tz7nvc4b1m1tfqw0000gn/T/novus-build-29241/a_CopperListBuilder_new.c:  symbols only
  /var/folders/52/5656d2050tz7nvc4b1m1tfqw0000gn/T/novus-build-29241/a_CopperListBuilder_grow.c:  symbols only
  /var/folders/52/5656d2050tz7nvc4b1m1tfqw0000gn/T/novus-build-29241/a_CopperListBuilder_wait.c:  symbols only
  /var/folders/52/5656d2050tz7nvc4b1m1tfqw0000gn/T/novus-build-29241/a_CopperListBuilder_move_register.c:  symbols only
  /var/folders/52/5656d2050tz7nvc4b1m1tfqw0000gn/T/novus-build-29241/a_CopperListBuilder_move_color.c:  symbols only
  /var/folders/52/5656d2050tz7nvc4b1m1tfqw0000gn/T/novus-build-29241/a_CopperListBuilder_wait_vblank.c:  symbols only
  /var/folders/52/5656d2050tz7nvc4b1m1tfqw0000gn/T/novus-build-29241/a_CopperListBuilder_is_wait_position_valid.c:  symbols only
  /var/folders/52/5656d2050tz7nvc4b1m1tfqw0000gn/T/novus-build-29241/a_CopperListBuilder_build.c:  symbols only
  /var/folders/52/5656d2050tz7nvc4b1m1tfqw0000gn/T/novus-build-29241/a_CopperListBuilder_Drop_drop.c:  symbols only
  /var/folders/52/5656d2050tz7nvc4b1m1tfqw0000gn/T/novus-build-29241/a_CopperListHandle_ptr.c:  symbols only
  /var/folders/52/5656d2050tz7nvc4b1m1tfqw0000gn/T/novus-build-29241/a_CopperListHandle_size.c:  symbols only
  /var/folders/52/5656d2050tz7nvc4b1m1tfqw0000gn/T/novus-build-29241/a_CopperListHandle_activate.c:  symbols only
  /var/folders/52/5656d2050tz7nvc4b1m1tfqw0000gn/T/novus-build-29241/a_CopperListHandle_deactivate.c:  symbols only
  /var/folders/52/5656d2050tz7nvc4b1m1tfqw0000gn/T/novus-build-29241/a_CopperListHandle_Drop_drop.c:  symbols only
  /var/folders/52/5656d2050tz7nvc4b1m1tfqw0000gn/T/novus-build-29241/core_LibraryVersion_new.c:  symbols only
  /var/folders/52/5656d2050tz7nvc4b1m1tfqw0000gn/T/novus-build-29241/core_LibraryVersion_major.c:  symbols only
  /var/folders/52/5656d2050tz7nvc4b1m1tfqw0000gn/T/novus-build-29241/core_LibraryVersion_minor.c:  symbols only
  /var/folders/52/5656d2050tz7nvc4b1m1tfqw0000gn/T/novus-build-29241/core_LibraryVersion_patch.c:  symbols only
  /var/folders/52/5656d2050tz7nvc4b1m1tfqw0000gn/T/novus-build-29241/core_dos_last_error.c:  symbols only
  /var/folders/52/5656d2050tz7nvc4b1m1tfqw0000gn/T/novus-build-29241/core_dos_error_from_code.c:  symbols only
  /var/folders/52/5656d2050tz7nvc4b1m1tfqw0000gn/T/novus-build-29241/core_dos_error_to_code.c:  symbols only
  /var/folders/52/5656d2050tz7nvc4b1m1tfqw0000gn/T/novus-build-29241/core_exec_error_to_code.c:  symbols only
  /var/folders/52/5656d2050tz7nvc4b1m1tfqw0000gn/T/novus-build-29241/core_intuition_error_to_code.c:  symbols only
  /var/folders/52/5656d2050tz7nvc4b1m1tfqw0000gn/T/novus-build-29241/core_graphics_error_to_code.c:  symbols only
  /var/folders/52/5656d2050tz7nvc4b1m1tfqw0000gn/T/novus-build-29241/core_novus_error_from_dos.c:  symbols only
  /var/folders/52/5656d2050tz7nvc4b1m1tfqw0000gn/T/novus-build-29241/core_novus_error_from_exec.c:  symbols only
  /var/folders/52/5656d2050tz7nvc4b1m1tfqw0000gn/T/novus-build-29241/core_novus_error_from_intuition.c:  symbols only
  /var/folders/52/5656d2050tz7nvc4b1m1tfqw0000gn/T/novus-build-29241/core_novus_error_from_graphics.c:  symbols only
  /var/folders/52/5656d2050tz7nvc4b1m1tfqw0000gn/T/novus-build-29241/core_novus_error_to_code.c:  symbols only
  /var/folders/52/5656d2050tz7nvc4b1m1tfqw0000gn/T/novus-build-29241/core_NovusError_From_DosError_convert.c:  symbols only
  /var/folders/52/5656d2050tz7nvc4b1m1tfqw0000gn/T/novus-build-29241/core_NovusError_From_ExecError_convert.c:  symbols only
  /var/folders/52/5656d2050tz7nvc4b1m1tfqw0000gn/T/novus-build-29241/core_NovusError_From_IntuitionError_convert.c:  symbols only
  /var/folders/52/5656d2050tz7nvc4b1m1tfqw0000gn/T/novus-build-29241/core_NovusError_From_GraphicsError_convert.c:  symbols only
  /var/folders/52/5656d2050tz7nvc4b1m1tfqw0000gn/T/novus-build-29241/core_DosError_message.c:  symbols only
  /var/folders/52/5656d2050tz7nvc4b1m1tfqw0000gn/T/novus-build-29241/core_ExecError_message.c:  symbols only
  /var/folders/52/5656d2050tz7nvc4b1m1tfqw0000gn/T/novus-build-29241/core_IntuitionError_message.c:  symbols only
  /var/folders/52/5656d2050tz7nvc4b1m1tfqw0000gn/T/novus-build-29241/core_GraphicsError_message.c:  symbols only
  /var/folders/52/5656d2050tz7nvc4b1m1tfqw0000gn/T/novus-build-29241/core_NovusError_message.c:  symbols only
  /var/folders/52/5656d2050tz7nvc4b1m1tfqw0000gn/T/novus-build-29241/amiga_registers_is_register_safe_for_copper.c:  symbols only
  /var/folders/52/5656d2050tz7nvc4b1m1tfqw0000gn/T/novus-build-29241/amiga_registers_color_register.c:  symbols only
  /var/folders/52/5656d2050tz7nvc4b1m1tfqw0000gn/T/novus-build-29241/amiga_registers_rgb12.c:  symbols only
  /var/folders/52/5656d2050tz7nvc4b1m1tfqw0000gn/T/novus-build-29241/amiga_registers_rgb12_from_u8.c:  symbols only
  /var/folders/52/5656d2050tz7nvc4b1m1tfqw0000gn/T/novus-build-29241/system_CPU.c:  symbols only
  /var/folders/52/5656d2050tz7nvc4b1m1tfqw0000gn/T/novus-build-29241/system_FPU.c:  symbols only
  /var/folders/52/5656d2050tz7nvc4b1m1tfqw0000gn/T/novus-build-29241/system_CHIPSET.c:  symbols only
  /var/folders/52/5656d2050tz7nvc4b1m1tfqw0000gn/T/novus-build-29241/system_CHIP_RAM.c:  symbols only
  /var/folders/52/5656d2050tz7nvc4b1m1tfqw0000gn/T/novus-build-29241/system_SystemCPU_Display_fmt.c:  symbols only
  /var/folders/52/5656d2050tz7nvc4b1m1tfqw0000gn/T/novus-build-29241/system_SystemFPU_Display_fmt.c:  symbols only
  /var/folders/52/5656d2050tz7nvc4b1m1tfqw0000gn/T/novus-build-29241/system_SystemChipset_Display_fmt.c:  symbols only
  /var/folders/52/5656d2050tz7nvc4b1m1tfqw0000gn/T/novus-build-29241/format_StackFormatter_new.c:  symbols only
  /var/folders/52/5656d2050tz7nvc4b1m1tfqw0000gn/T/novus-build-29241/format_StackFormatter_write_str.c:  symbols only
  /var/folders/52/5656d2050tz7nvc4b1m1tfqw0000gn/T/novus-build-29241/format_StackFormatter_write_char.c:  symbols only
  /var/folders/52/5656d2050tz7nvc4b1m1tfqw0000gn/T/novus-build-29241/format_StackFormatter_as_str.c:  symbols only
  /var/folders/52/5656d2050tz7nvc4b1m1tfqw0000gn/T/novus-build-29241/format_Formatter_new.c:  symbols only
  /var/folders/52/5656d2050tz7nvc4b1m1tfqw0000gn/T/novus-build-29241/format_Formatter_with_capacity.c:  symbols only
  /var/folders/52/5656d2050tz7nvc4b1m1tfqw0000gn/T/novus-build-29241/format_Formatter_write_str.c:  symbols only
  /var/folders/52/5656d2050tz7nvc4b1m1tfqw0000gn/T/novus-build-29241/format_Formatter_write_char.c:  symbols only
  /var/folders/52/5656d2050tz7nvc4b1m1tfqw0000gn/T/novus-build-29241/format_Formatter_finish.c:  symbols only
  /var/folders/52/5656d2050tz7nvc4b1m1tfqw0000gn/T/novus-build-29241/format_Formatter_as_str.c:  symbols only
  /var/folders/52/5656d2050tz7nvc4b1m1tfqw0000gn/T/novus-build-29241/core_Str_from_raw.c:  symbols only
  /var/folders/52/5656d2050tz7nvc4b1m1tfqw0000gn/T/novus-build-29241/core_Str_from_cstr.c:  symbols only
  /var/folders/52/5656d2050tz7nvc4b1m1tfqw0000gn/T/novus-build-29241/core_Str_len.c:  symbols only
  /var/folders/52/5656d2050tz7nvc4b1m1tfqw0000gn/T/novus-build-29241/core_Str_is_empty.c:  symbols only
  /var/folders/52/5656d2050tz7nvc4b1m1tfqw0000gn/T/novus-build-29241/core_Str_as_ptr.c:  symbols only
  /var/folders/52/5656d2050tz7nvc4b1m1tfqw0000gn/T/novus-build-29241/core_Str_get.c:  symbols only
  /var/folders/52/5656d2050tz7nvc4b1m1tfqw0000gn/T/novus-build-29241/core_Str_slice.c:  symbols only
  /var/folders/52/5656d2050tz7nvc4b1m1tfqw0000gn/T/novus-build-29241/core_Str_slice_from.c:  symbols only
  /var/folders/52/5656d2050tz7nvc4b1m1tfqw0000gn/T/novus-build-29241/core_Str_slice_to.c:  symbols only
  /var/folders/52/5656d2050tz7nvc4b1m1tfqw0000gn/T/novus-build-29241/core_Str_equals.c:  symbols only
  /var/folders/52/5656d2050tz7nvc4b1m1tfqw0000gn/T/novus-build-29241/core_Str_compare.c:  symbols only
  /var/folders/52/5656d2050tz7nvc4b1m1tfqw0000gn/T/novus-build-29241/core_Str_starts_with.c:  symbols only
  /var/folders/52/5656d2050tz7nvc4b1m1tfqw0000gn/T/novus-build-29241/core_Str_ends_with.c:  symbols only
  /var/folders/52/5656d2050tz7nvc4b1m1tfqw0000gn/T/novus-build-29241/core_Str_contains.c:  symbols only
  /var/folders/52/5656d2050tz7nvc4b1m1tfqw0000gn/T/novus-build-29241/core_Str_find.c:  symbols only
  /var/folders/52/5656d2050tz7nvc4b1m1tfqw0000gn/T/novus-build-29241/core_Str_find_byte.c:  symbols only
  /var/folders/52/5656d2050tz7nvc4b1m1tfqw0000gn/T/novus-build-29241/core_Str_rfind_byte.c:  symbols only
  /var/folders/52/5656d2050tz7nvc4b1m1tfqw0000gn/T/novus-build-29241/core_Str_trim.c:  symbols only
  /var/folders/52/5656d2050tz7nvc4b1m1tfqw0000gn/T/novus-build-29241/core_Str_trim_start.c:  symbols only
  /var/folders/52/5656d2050tz7nvc4b1m1tfqw0000gn/T/novus-build-29241/core_Str_trim_end.c:  symbols only
  /var/folders/52/5656d2050tz7nvc4b1m1tfqw0000gn/T/novus-build-29241/core_Str_to_string.c:  symbols only
  /var/folders/52/5656d2050tz7nvc4b1m1tfqw0000gn/T/novus-build-29241/core_Str_as_cstr.c:  symbols only
  /var/folders/52/5656d2050tz7nvc4b1m1tfqw0000gn/T/novus-build-29241/core_String_new.c:  symbols only
  /var/folders/52/5656d2050tz7nvc4b1m1tfqw0000gn/T/novus-build-29241/core_String_with_capacity.c:  symbols only
  /var/folders/52/5656d2050tz7nvc4b1m1tfqw0000gn/T/novus-build-29241/core_String_new_from_str.c:  symbols only
  /var/folders/52/5656d2050tz7nvc4b1m1tfqw0000gn/T/novus-build-29241/core_String_len.c:  symbols only
  /var/folders/52/5656d2050tz7nvc4b1m1tfqw0000gn/T/novus-build-29241/core_String_is_empty.c:  symbols only
  /var/folders/52/5656d2050tz7nvc4b1m1tfqw0000gn/T/novus-build-29241/core_String_capacity.c:  symbols only
  /var/folders/52/5656d2050tz7nvc4b1m1tfqw0000gn/T/novus-build-29241/core_String_as_str.c:  symbols only
  /var/folders/52/5656d2050tz7nvc4b1m1tfqw0000gn/T/novus-build-29241/core_String_push_str.c:  symbols only
  /var/folders/52/5656d2050tz7nvc4b1m1tfqw0000gn/T/novus-build-29241/core_String_push_byte.c:  symbols only
  /var/folders/52/5656d2050tz7nvc4b1m1tfqw0000gn/T/novus-build-29241/core_String_clear.c:  symbols only
  /var/folders/52/5656d2050tz7nvc4b1m1tfqw0000gn/T/novus-build-29241/core_String_reserve.c:  symbols only
  /var/folders/52/5656d2050tz7nvc4b1m1tfqw0000gn/T/novus-build-29241/core_String_as_mut_ptr.c:  symbols only
  /var/folders/52/5656d2050tz7nvc4b1m1tfqw0000gn/T/novus-build-29241/core_String_as_ptr.c:  symbols only
  /var/folders/52/5656d2050tz7nvc4b1m1tfqw0000gn/T/novus-build-29241/core_NameString_new.c:  symbols only
  /var/folders/52/5656d2050tz7nvc4b1m1tfqw0000gn/T/novus-build-29241/core_NameString_len.c:  symbols only
  /var/folders/52/5656d2050tz7nvc4b1m1tfqw0000gn/T/novus-build-29241/core_NameString_is_empty.c:  symbols only
  /var/folders/52/5656d2050tz7nvc4b1m1tfqw0000gn/T/novus-build-29241/core_NameString_capacity.c:  symbols only
  /var/folders/52/5656d2050tz7nvc4b1m1tfqw0000gn/T/novus-build-29241/core_NameString_as_str.c:  symbols only
  /var/folders/52/5656d2050tz7nvc4b1m1tfqw0000gn/T/novus-build-29241/core_NameString_as_mut_ptr.c:  symbols only
  /var/folders/52/5656d2050tz7nvc4b1m1tfqw0000gn/T/novus-build-29241/core_NameString_push_str.c:  symbols only
  /var/folders/52/5656d2050tz7nvc4b1m1tfqw0000gn/T/novus-build-29241/core_NameString_push_byte.c:  symbols only
  /var/folders/52/5656d2050tz7nvc4b1m1tfqw0000gn/T/novus-build-29241/core_NameString_clear.c:  symbols only
  /var/folders/52/5656d2050tz7nvc4b1m1tfqw0000gn/T/novus-build-29241/core_GadgetString_new.c:  symbols only
  /var/folders/52/5656d2050tz7nvc4b1m1tfqw0000gn/T/novus-build-29241/core_GadgetString_len.c:  symbols only
  /var/folders/52/5656d2050tz7nvc4b1m1tfqw0000gn/T/novus-build-29241/core_GadgetString_is_empty.c:  symbols only
  /var/folders/52/5656d2050tz7nvc4b1m1tfqw0000gn/T/novus-build-29241/core_GadgetString_capacity.c:  symbols only
  /var/folders/52/5656d2050tz7nvc4b1m1tfqw0000gn/T/novus-build-29241/core_GadgetString_as_str.c:  symbols only
  /var/folders/52/5656d2050tz7nvc4b1m1tfqw0000gn/T/novus-build-29241/core_GadgetString_as_mut_ptr.c:  symbols only
  /var/folders/52/5656d2050tz7nvc4b1m1tfqw0000gn/T/novus-build-29241/core_GadgetString_push_str.c:  symbols only
  /var/folders/52/5656d2050tz7nvc4b1m1tfqw0000gn/T/novus-build-29241/core_GadgetString_push_byte.c:  symbols only
  /var/folders/52/5656d2050tz7nvc4b1m1tfqw0000gn/T/novus-build-29241/core_GadgetString_clear.c:  symbols only
  /var/folders/52/5656d2050tz7nvc4b1m1tfqw0000gn/T/novus-build-29241/core_PathString_new.c:  symbols only
  /var/folders/52/5656d2050tz7nvc4b1m1tfqw0000gn/T/novus-build-29241/core_PathString_len.c:  symbols only
  /var/folders/52/5656d2050tz7nvc4b1m1tfqw0000gn/T/novus-build-29241/core_PathString_is_empty.c:  symbols only
  /var/folders/52/5656d2050tz7nvc4b1m1tfqw0000gn/T/novus-build-29241/core_PathString_capacity.c:  symbols only
  /var/folders/52/5656d2050tz7nvc4b1m1tfqw0000gn/T/novus-build-29241/core_PathString_as_str.c:  symbols only
  /var/folders/52/5656d2050tz7nvc4b1m1tfqw0000gn/T/novus-build-29241/core_PathString_as_mut_ptr.c:  symbols only
  /var/folders/52/5656d2050tz7nvc4b1m1tfqw0000gn/T/novus-build-29241/core_PathString_push_str.c:  symbols only
  /var/folders/52/5656d2050tz7nvc4b1m1tfqw0000gn/T/novus-build-29241/core_PathString_push_byte.c:  symbols only
  /var/folders/52/5656d2050tz7nvc4b1m1tfqw0000gn/T/novus-build-29241/core_PathString_clear.c:  symbols only
  /var/folders/52/5656d2050tz7nvc4b1m1tfqw0000gn/T/novus-build-29241/core_BStr_new_from_str.c:  symbols only
  /var/folders/52/5656d2050tz7nvc4b1m1tfqw0000gn/T/novus-build-29241/core_BStr_as_bptr.c:  symbols only
  /var/folders/52/5656d2050tz7nvc4b1m1tfqw0000gn/T/novus-build-29241/core_BStr_as_ptr.c:  symbols only
  /var/folders/52/5656d2050tz7nvc4b1m1tfqw0000gn/T/novus-build-29241/core_BStr_len.c:  symbols only
  /var/folders/52/5656d2050tz7nvc4b1m1tfqw0000gn/T/novus-build-29241/core_BStr_as_str.c:  symbols only
  /var/folders/52/5656d2050tz7nvc4b1m1tfqw0000gn/T/novus-build-29241/core_BStr_drop.c:  symbols only
  /var/folders/52/5656d2050tz7nvc4b1m1tfqw0000gn/T/novus-build-29241/core_Option_is_some_u32.c:  symbols only
  /var/folders/52/5656d2050tz7nvc4b1m1tfqw0000gn/T/novus-build-29241/core_Vec_u8__new.c:  symbols only
  /var/folders/52/5656d2050tz7nvc4b1m1tfqw0000gn/T/novus-build-29241/core_Vec_u8__reserve.c:  symbols only
  /var/folders/52/5656d2050tz7nvc4b1m1tfqw0000gn/T/novus-build-29241/core_Vec_u8__push.c:  symbols only
  /var/folders/52/5656d2050tz7nvc4b1m1tfqw0000gn/T/novus-build-29241/core_Vec_u8__is_empty.c:  symbols only
  /var/folders/52/5656d2050tz7nvc4b1m1tfqw0000gn/T/novus-build-29241/core_Vec_u8__capacity.c:  symbols only
  /var/folders/52/5656d2050tz7nvc4b1m1tfqw0000gn/T/novus-build-29241/core_Vec_u8__as_ptr.c:  symbols only
  /var/folders/52/5656d2050tz7nvc4b1m1tfqw0000gn/T/novus-build-29241/core_Vec_u8__clear.c:  symbols only
  /var/folders/52/5656d2050tz7nvc4b1m1tfqw0000gn/T/novus-build-29241/core_Vec_u8__as_mut_ptr.c:  symbols only
  /var/folders/52/5656d2050tz7nvc4b1m1tfqw0000gn/T/novus-build-29241/core_MemoryBlock_alloc.c:  symbols only
  /var/folders/52/5656d2050tz7nvc4b1m1tfqw0000gn/T/novus-build-29241/core_MemoryBlock_try_alloc.c:  symbols only
  /var/folders/52/5656d2050tz7nvc4b1m1tfqw0000gn/T/novus-build-29241/core_MemoryBlock_ptr.c:  symbols only
  /var/folders/52/5656d2050tz7nvc4b1m1tfqw0000gn/T/novus-build-29241/core_MemoryBlock_size.c:  symbols only
  /var/folders/52/5656d2050tz7nvc4b1m1tfqw0000gn/T/novus-build-29241/core_MemoryBlock_is_empty.c:  symbols only
  /var/folders/52/5656d2050tz7nvc4b1m1tfqw0000gn/T/novus-build-29241/core_MemoryBlock_free.c:  symbols only
  /var/folders/52/5656d2050tz7nvc4b1m1tfqw0000gn/T/novus-build-29241/core_MemoryBlock_resize.c:  symbols only
  /var/folders/52/5656d2050tz7nvc4b1m1tfqw0000gn/T/novus-build-29241/core_MemoryBlock_Drop_drop.c:  symbols only
  exec_stubs.s:  symbols only
  graphics_stubs.s:  symbols only
  dos_stubs.s:  symbols only
  intuition_stubs.s:  symbols only
  /Users/barry/RiderProjects/Novus/Novus/bin/Debug/net9.0/runtime/novus_runtime.c:  symbols only


Section mapping (numbers in hex):
------------------------------
  00000000 CODE  (size 184)
           00000000 - 000000b4 novus_startup.s(CODE)
           000000b4 - 0000011c dos_init.s(CODE)
           0000011c - 00000184 graphics_init.s(CODE)
------------------------------
  00000000 data  (size 34, allocated 1c)
           00000000 - 0000000c dos_init.s(data)
           0000000c - 00000020 graphics_init.s(data)
           00000020 - 00000034 library_bases.s(__MERGED)


Symbols of CODE:
  0x00000000 _start: global reloc, size 0
  0x000000b4 ___dos_init: global reloc, size 0
  0x000000f4 ___dos_cleanup: global reloc, size 0
  0x0000011c ___graphics_init: global reloc, size 0
  0x0000015c ___graphics_cleanup: global reloc, size 0

Symbols of data:
  0x00000000 dos_name: local reloc, size 0
  0x0000000c graphics_name: local reloc, size 0
  0x00000020 _SysBase: global reloc, size 0
  0x00000024 _DOSBase: global reloc, size 0
  0x00000028 _IntuitionBase: global reloc, size 0
  0x0000002c _GadToolsBase: global reloc, size 0
  0x00000030 _GfxBase: global reloc, size 0

Linker symbols:
